../Core/Src/main.c:114:6:Display_Init	16	static
../Core/Src/main.c:126:5:_write	24	static
../Core/Src/main.c:146:5:main	16	static
../Core/Src/main.c:267:6:SystemClock_Config	120	static
../Core/Src/main.c:330:13:MX_I2C4_Init	8	static
../Core/Src/main.c:378:13:MX_LTDC_Init	64	static
../Core/Src/main.c:440:13:MX_QUADSPI_Init	8	static
../Core/Src/main.c:475:13:MX_SPI1_Init	8	static
../Core/Src/main.c:523:13:MX_TIM1_Init	112	static
../Core/Src/main.c:603:13:MX_TIM6_Init	24	static
../Core/Src/main.c:643:13:MX_UART8_Init	8	static
../Core/Src/main.c:689:13:MX_BDMA_Init	16	static
../Core/Src/main.c:710:13:MX_GPIO_Init	56	static
../Core/Src/main.c:816:6:HAL_GPIO_EXTI_Callback	16	static
../Core/Src/main.c:837:6:HAL_UART_RxCpltCallback	24	static
../Core/Src/main.c:875:6:StartDefaultTask	24	static
../Core/Src/main.c:927:6:MPU_Config	24	static
../Core/Src/main.c:962:6:HAL_TIM_PeriodElapsedCallback	16	static
../Core/Src/main.c:990:6:Error_Handler	4	static,ignoring_inline_asm
