../Core/Src/main.c:113:6:Display_Init	16	static
../Core/Src/main.c:125:5:_write	24	static
../Core/Src/main.c:145:5:main	16	static
../Core/Src/main.c:275:6:SystemClock_Config	120	static
../Core/Src/main.c:333:13:MX_I2C4_Init	8	static
../Core/Src/main.c:381:13:MX_LTDC_Init	64	static
../Core/Src/main.c:455:13:MX_QUADSPI_Init	8	static
../Core/Src/main.c:490:13:MX_TIM1_Init	112	static
../Core/Src/main.c:570:13:MX_TIM6_Init	24	static
../Core/Src/main.c:610:13:MX_UART8_Init	8	static
../Core/Src/main.c:656:13:MX_BDMA_Init	16	static
../Core/Src/main.c:677:13:MX_GPIO_Init	56	static
../Core/Src/main.c:798:6:HAL_GPIO_EXTI_Callback	16	static
../Core/Src/main.c:818:6:HAL_LTDC_LineEventCallback	16	static
../Core/Src/main.c:825:6:HAL_UART_RxCpltCallback	24	static
../Core/Src/main.c:863:6:StartDefaultTask	24	static
../Core/Src/main.c:916:6:MPU_Config	24	static
../Core/Src/main.c:951:6:HAL_TIM_PeriodElapsedCallback	16	static
../Core/Src/main.c:979:6:Error_Handler	4	static,ignoring_inline_asm
