../Core/Src/main.c:83:5:main	8	static
../Core/Src/main.c:136:6:SystemClock_Config	120	static
../Core/Src/main.c:197:13:MX_I2C4_Init	8	static
../Core/Src/main.c:245:13:MX_LTDC_Init	112	static
../Core/Src/main.c:327:13:MX_QUADSPI_Init	8	static
../Core/Src/main.c:362:13:MX_SPI1_Init	8	static
../Core/Src/main.c:410:13:MX_UART8_Init	8	static
../Core/Src/main.c:458:13:MX_USB_OTG_FS_PCD_Init	8	static
../Core/Src/main.c:494:13:MX_GPIO_Init	56	static
../Core/Src/main.c:588:6:MPU_Config	24	static
../Core/Src/main.c:619:6:Error_Handler	4	static,ignoring_inline_asm
