../Core/Src/main.c:112:6:Display_Init	16	static
../Core/Src/main.c:124:5:_write	24	static
../Core/Src/main.c:144:5:main	8	static
../Core/Src/main.c:249:6:SystemClock_Config	120	static
../Core/Src/main.c:310:13:MX_I2C4_Init	8	static
../Core/Src/main.c:358:13:MX_LTDC_Init	112	static
../Core/Src/main.c:440:13:MX_QUADSPI_Init	8	static
../Core/Src/main.c:475:13:MX_SPI1_Init	8	static
../Core/Src/main.c:523:13:MX_TIM1_Init	112	static
../Core/Src/main.c:603:13:MX_UART8_Init	8	static
../Core/Src/main.c:649:13:MX_BDMA_Init	16	static
../Core/Src/main.c:670:13:MX_GPIO_Init	56	static
../Core/Src/main.c:767:6:Blink_PC4	8	static
../Core/Src/main.c:775:6:HAL_UART_RxCpltCallback	24	static
../Core/Src/main.c:804:8:factorial	24	static
../Core/Src/main.c:818:6:StartDefaultTask	24	static
../Core/Src/main.c:849:6:MPU_Config	24	static
../Core/Src/main.c:884:6:HAL_TIM_PeriodElapsedCallback	16	static
../Core/Src/main.c:901:6:Error_Handler	4	static,ignoring_inline_asm
