../Core/Src/main.c:113:6:Display_Init	16	static
../Core/Src/main.c:125:5:_write	24	static
../Core/Src/main.c:145:5:main	16	static
../Core/Src/main.c:261:6:SystemClock_Config	120	static
../Core/Src/main.c:324:13:MX_I2C4_Init	8	static
../Core/Src/main.c:372:13:MX_LTDC_Init	64	static
../Core/Src/main.c:434:13:MX_QUADSPI_Init	8	static
../Core/Src/main.c:469:13:MX_SPI1_Init	8	static
../Core/Src/main.c:517:13:MX_TIM1_Init	112	static
../Core/Src/main.c:597:13:MX_UART8_Init	8	static
../Core/Src/main.c:643:13:MX_BDMA_Init	16	static
../Core/Src/main.c:664:13:MX_GPIO_Init	56	static
../Core/Src/main.c:771:6:Blink_PC4	8	static
../Core/Src/main.c:779:6:HAL_UART_RxCpltCallback	24	static
../Core/Src/main.c:808:8:factorial	24	static
../Core/Src/main.c:813:6:LCD_Clear	40	static,ignoring_inline_asm
../Core/Src/main.c:840:6:StartDefaultTask	16	static
../Core/Src/main.c:880:6:MPU_Config	24	static
../Core/Src/main.c:915:6:HAL_TIM_PeriodElapsedCallback	16	static
../Core/Src/main.c:932:6:Error_Handler	4	static,ignoring_inline_asm
