../Core/Src/stm32h7xx_it.c:77:6:NMI_Handler	4	static
../Core/Src/stm32h7xx_it.c:92:6:HardFault_Handler	4	static
../Core/Src/stm32h7xx_it.c:107:6:MemManage_Handler	4	static
../Core/Src/stm32h7xx_it.c:122:6:BusFault_Handler	4	static
../Core/Src/stm32h7xx_it.c:137:6:UsageFault_Handler	4	static
../Core/Src/stm32h7xx_it.c:152:6:SVC_Handler	4	static
../Core/Src/stm32h7xx_it.c:165:6:DebugMon_Handler	4	static
../Core/Src/stm32h7xx_it.c:178:6:PendSV_Handler	4	static
../Core/Src/stm32h7xx_it.c:191:6:SysTick_Handler	4	static
../Core/Src/stm32h7xx_it.c:212:6:TIM2_IRQHandler	8	static
../Core/Src/stm32h7xx_it.c:226:6:EXTI15_10_IRQHandler	8	static
../Core/Src/stm32h7xx_it.c:240:6:TIM6_DAC_IRQHandler	8	static
../Core/Src/stm32h7xx_it.c:254:6:UART8_IRQHandler	8	static
../Core/Src/stm32h7xx_it.c:268:6:LTDC_IRQHandler	8	static
../Core/Src/stm32h7xx_it.c:282:6:LTDC_ER_IRQHandler	8	static
../Core/Src/stm32h7xx_it.c:296:6:I2C4_EV_IRQHandler	8	static
../Core/Src/stm32h7xx_it.c:310:6:I2C4_ER_IRQHandler	8	static
../Core/Src/stm32h7xx_it.c:324:6:OTG_FS_IRQHandler	8	static
../Core/Src/stm32h7xx_it.c:338:6:BDMA_Channel0_IRQHandler	8	static
../Core/Src/stm32h7xx_it.c:352:6:BDMA_Channel1_IRQHandler	8	static
