../Core/Src/stm32h7xx_it.c:77:6:NMI_Handler	4	static
../Core/Src/stm32h7xx_it.c:92:6:HardFault_Handler	4	static
../Core/Src/stm32h7xx_it.c:107:6:MemManage_Handler	4	static
../Core/Src/stm32h7xx_it.c:122:6:BusFault_Handler	4	static
../Core/Src/stm32h7xx_it.c:137:6:UsageFault_Handler	4	static
../Core/Src/stm32h7xx_it.c:152:6:DebugMon_Handler	4	static
../Core/Src/stm32h7xx_it.c:172:6:TIM2_IRQHandler	8	static
../Core/Src/stm32h7xx_it.c:186:6:EXTI15_10_IRQHandler	8	static
../Core/Src/stm32h7xx_it.c:200:6:TIM6_DAC_IRQHandler	8	static
../Core/Src/stm32h7xx_it.c:214:6:UART8_IRQHandler	8	static
../Core/Src/stm32h7xx_it.c:228:6:LTDC_IRQHandler	8	static
../Core/Src/stm32h7xx_it.c:242:6:LTDC_ER_IRQHandler	8	static
../Core/Src/stm32h7xx_it.c:256:6:I2C4_EV_IRQHandler	8	static
../Core/Src/stm32h7xx_it.c:270:6:I2C4_ER_IRQHandler	8	static
../Core/Src/stm32h7xx_it.c:284:6:OTG_FS_IRQHandler	8	static
../Core/Src/stm32h7xx_it.c:298:6:BDMA_Channel0_IRQHandler	8	static
../Core/Src/stm32h7xx_it.c:312:6:BDMA_Channel1_IRQHandler	8	static
